// Vitest Snapshot v1, https://vitest.dev/guide/snapshot.html

exports[`sb2 project from JSON 1`] = `
{
  "arrayBuffer": ArrayBuffer [SHA-256 e1a56dfffa77e29c50166c1e2d1fc05af1dec3a156dc8602c9aa06da098dd546],
  "title": "",
  "type": "sb2",
}
`;

exports[`sb2 with missing assets 1`] = `ArrayBuffer [SHA-256 1c367617dace20dba11108dd433165fabd3553cdadaab21231857e478af99de0]`;
